[2026-08-26 16:58:59] local.ERROR: SQLSTATE[42S22]: Column not found: 1054 Unknown column 'pr.preco_custo' in 'field list' (Connection: mysql, SQL: select 
                COALESCE(SUM(ip.quantidade * ip.preco_unitario), 0) as faturamento,
                COALESCE(SUM(ip.quantidade * COALESCE(pr.preco_custo, 0)), 0) as custo_total,
                COUNT(DISTINCT p.id) as pedidos
             from `itens_pedido` as `ip` inner join `pedidos` as `p` on `p`.`id` = `ip`.`pedido_id` inner join `produtos` as `pr` on `pr`.`id` = `ip`.`produto_id` where `p`.`status` in (pago, concluido) and `p`.`created_at` between 2026-08-01 00:00:00 and 2026-08-31 23:59:59 limit 1) {"userId":1,"exception":"[object] (Illuminate\\Database\\QueryException(code: 42S22): SQLSTATE[42S22]: Column not found: 1054 Unknown column 'pr.preco_custo' in 'field list' (Connection: mysql, SQL: select 
                COALESCE(SUM(ip.quantidade * ip.preco_unitario), 0) as faturamento,
                COALESCE(SUM(ip.quantidade * COALESCE(pr.preco_custo, 0)), 0) as custo_total,
                COUNT(DISTINCT p.id) as pedidos
             from `itens_pedido` as `ip` inner join `pedidos` as `p` on `p`.`id` = `ip`.`pedido_id` inner join `produtos` as `pr` on `pr`.`id` = `ip`.`produto_id` where `p`.`status` in (pago, concluido) and `p`.`created_at` between 2026-08-01 00:00:00 and 2026-08-31 23:59:59 limit 1) at C:/Users/kauag/Desktop/Pastas/Projetos/ECommerce/Backend/vendor/laravel/framework/src/Illuminate/Database/Connection.php:825)
[stacktrace]
#0 C:/Users/kauag/Desktop/Pastas/Projetos/ECommerce/Backend/vendor/laravel/framework/src/Illuminate/Database/Connection.php(779): Illuminate/Database/Connection->runQueryCallback('select /n       ...', Array, Object(Closure))
#1 C:/Users/kauag/Desktop/Pastas/Projetos/ECommerce/Backend/vendor/laravel/framework/src/Illuminate/Database/Connection.php(398): Illuminate/Database/Connection->run('select /n       ...', Array, Object(Closure))
#2 C:/Users/kauag/Desktop/Pastas/Projetos/ECommerce/Backend/vendor/laravel/framework/src/Illuminate/Database/Query/Builder.php(3106): Illuminate/Database/Connection->select('select /n       ...', Array, true)
#3 C:/Users/kauag/Desktop/Pastas/Projetos/ECommerce/Backend/vendor/laravel/framework/src/Illuminate/Database/Query/Builder.php(3091): Illuminate/Database/Query/Builder->runSelect()
#4 C:/Users/kauag/Desktop/Pastas/Projetos/ECommerce/Backend/vendor/laravel/framework/src/Illuminate/Database/Query/Builder.php(3676): Illuminate/Database/Query/Builder->{closure:Illuminate/Database/Query/Builder::get():3090}()
#5 C:/Users/kauag/Desktop/Pastas/Projetos/ECommerce/Backend/vendor/laravel/framework/src/Illuminate/Database/Query/Builder.php(3090): Illuminate/Database/Query/Builder->onceWithColumns(Array, Object(Closure))
#6 C:/Users/kauag/Desktop/Pastas/Projetos/ECommerce/Backend/vendor/laravel/framework/src/Illuminate/Database/Concerns/BuildsQueries.php(343): Illuminate/Database/Query/Builder->get(Array)
#7 C:/Users/kauag/Desktop/Pastas/Projetos/ECommerce/Backend/app/Services/DashboardService.php(48): Illuminate/Database/Query/Builder->first()
#8 C:/Users/kauag/Desktop/Pastas/Projetos/ECommerce/Backend/app/Services/DashboardService.php(26): App/Services/DashboardService->resumoPeriodo(Object(Illuminate/Support/Carbon), Object(Illuminate/Support/Carbon))
#9 C:/Users/kauag/Desktop/Pastas/Projetos/ECommerce/Backend/app/Http/Controllers/Api/DashboardController.php(23): App/Services/DashboardService->resumoGeral()
#10 C:/Users/kauag/Desktop/Pastas/Projetos/ECommerce/Backend/vendor/laravel/framework/src/Illuminate/Routing/ControllerDispatcher.php(47): App/Http/Controllers/Api/DashboardController->index()
#11 C:/Users/kauag/Desktop/Pastas/Projetos/ECommerce/Backend/vendor/laravel/framework/src/Illuminate/Routing/Route.php(266): Illuminate/Routing/ControllerDispatcher->dispatch(Object(Illuminate/Routing/Route), Object(App/Http/Controllers/Api/DashboardController), 'index')
#12 C:/Users/kauag/Desktop/Pastas/Projetos/ECommerce/Backend/vendor/laravel/framework/src/Illuminate/Routing/Route.php(212): Illuminate/Routing/Route->runController()
#13 C:/Users/kauag/Desktop/Pastas/Projetos/ECommerce/Backend/vendor/laravel/framework/src/Illuminate/Routing/Router.php(808): Illuminate/Routing/Route->run()
#14 C:/Users/kauag/Desktop/Pastas/Projetos/ECommerce/Backend/vendor/laravel/framework/src/Illuminate/Pipeline/Pipeline.php(170): Illuminate/Routing/Router->{closure:Illuminate/Routing/Router::runRouteWithinStack():807}(Object(Illuminate/Http/Request))
#15 C:/Users/kauag/Desktop/Pastas/Projetos/ECommerce/Backend/app/Http/Middleware/AdminApenas.php(23): Illuminate/Pipeline/Pipeline->{closure:Illuminate/Pipeline/Pipeline::prepareDestination():168}(Object(Illuminate/Http/Request))
#16 C:/Users/kauag/Desktop/Pastas/Projetos/ECommerce/Backend/vendor/laravel/framework/src/Illuminate/Pipeline/Pipeline.php(209): App/Http/Middleware/AdminApenas->handle(Object(Illuminate/Http/Request), Object(Closure))
#17 C:/Users/kauag/Desktop/Pastas/Projetos/ECommerce/Backend/vendor/laravel/framework/src/Illuminate/Routing/Middleware/SubstituteBindings.php(51): Illuminate/Pipeline/Pipeline->{closure:{closure:Illuminate/Pipeline/Pipeline::carry():184}:185}(Object(Illuminate/Http/Request))
#18 C:/Users/kauag/Desktop/Pastas/Projetos/ECommerce/Backend/vendor/laravel/framework/src/Illuminate/Pipeline/Pipeline.php(209): Illuminate/Routing/Middleware/SubstituteBindings->handle(Object(Illuminate/Http/Request), Object(Closure))
#19 C:/Users/kauag/Desktop/Pastas/Projetos/ECommerce/Backend/vendor/laravel/framework/src/Illuminate/Auth/Middleware/Authenticate.php(64): Illuminate/Pipeline/Pipeline->{closure:{closure:Illuminate/Pipeline/Pipeline::carry():184}:185}(Object(Illuminate/Http/Request))
#20 C:/Users/kauag/Desktop/Pastas/Projetos/ECommerce/Backend/vendor/laravel/framework/src/Illuminate/Pipeline/Pipeline.php(209): Illuminate/Auth/Middleware/Authenticate->handle(Object(Illuminate/Http/Request), Object(Closure), 'sanctum')
#21 C:/Users/kauag/Desktop/Pastas/Projetos/ECommerce/Backend/vendor/laravel/framework/src/Illuminate/Pipeline/Pipeline.php(127): Illuminate/Pipeline/Pipeline->{closure:{closure:Illuminate/Pipeline/Pipeline::carry():184}:185}(Object(Illuminate/Http/Request))
#22 C:/Users/kauag/Desktop/Pastas/Projetos/ECommerce/Backend/vendor/laravel/framework/src/Illuminate/Routing/Router.php(807): Illuminate/Pipeline/Pipeline->then(Object(Closure))
#23 C:/Users/kauag/Desktop/Pastas/Projetos/ECommerce/Backend/vendor/laravel/framework/src/Illuminate/Routing/Router.php(786): Illuminate/Routing/Router->runRouteWithinStack(Object(Illuminate/Routing/Route), Object(Illuminate/Http/Request))
#24 C:/Users/kauag/Desktop/Pastas/Projetos/ECommerce/Backend/vendor/laravel/framework/src/Illuminate/Routing/Router.php(750): Illuminate/Routing/Router->runRoute(Object(Illuminate/Http/Request), Object(Illuminate/Routing/Route))
#25 C:/Users/kauag/Desktop/Pastas/Projetos/ECommerce/Backend/vendor/laravel/framework/src/Illuminate/Routing/Router.php(739): Illuminate/Routing/Router->dispatchToRoute(Object(Illuminate/Http/Request))
#26 C:/Users/kauag/Desktop/Pastas/Projetos/ECommerce/Backend/vendor/laravel/framework/src/Illuminate/Foundation/Http/Kernel.php(201): Illuminate/Routing/Router->dispatch(Object(Illuminate/Http/Request))
#27 C:/Users/kauag/Desktop/Pastas/Projetos/ECommerce/Backend/vendor/laravel/framework/src/Illuminate/Pipeline/Pipeline.php(170): Illuminate/Foundation/Http/Kernel->{closure:Illuminate/Foundation/Http/Kernel::dispatchToRouter():198}(Object(Illuminate/Http/Request))
#28 C:/Users/kauag/Desktop/Pastas/Projetos/ECommerce/Backend/vendor/laravel/framework/src/Illuminate/Foundation/Http/Middleware/TransformsRequest.php(21): Illuminate/Pipeline/Pipeline->{closure:Illuminate/Pipeline/Pipeline::prepareDestination():168}(Object(Illuminate/Http/Request))
#29 C:/Users/kauag/Desktop/Pastas/Projetos/ECommerce/Backend/vendor/laravel/framework/src/Illuminate/Foundation/Http/Middleware/ConvertEmptyStringsToNull.php(31): Illuminate/Foundation/Http/Middleware/TransformsRequest->handle(Object(Illuminate/Http/Request), Object(Closure))
#30 C:/Users/kauag/Desktop/Pastas/Projetos/ECommerce/Backend/vendor/laravel/framework/src/Illuminate/Pipeline/Pipeline.php(209): Illuminate/Foundation/Http/Middleware/ConvertEmptyStringsToNull->handle(Object(Illuminate/Http/Request), Object(Closure))
#31 C:/Users/kauag/Desktop/Pastas/Projetos/ECommerce/Backend/vendor/laravel/framework/src/Illuminate/Foundation/Http/Middleware/TransformsRequest.php(21): Illuminate/Pipeline/Pipeline->{closure:{closure:Illuminate/Pipeline/Pipeline::carry():184}:185}(Object(Illuminate/Http/Request))
#32 C:/Users/kauag/Desktop/Pastas/Projetos/ECommerce/Backend/vendor/laravel/framework/src/Illuminate/Foundation/Http/Middleware/TrimStrings.php(51): Illuminate/Foundation/Http/Middleware/TransformsRequest->handle(Object(Illuminate/Http/Request), Object(Closure))
#33 C:/Users/kauag/Desktop/Pastas/Projetos/ECommerce/Backend/vendor/laravel/framework/src/Illuminate/Pipeline/Pipeline.php(209): Illuminate/Foundation/Http/Middleware/TrimStrings->handle(Object(Illuminate/Http/Request), Object(Closure))
#34 C:/Users/kauag/Desktop/Pastas/Projetos/ECommerce/Backend/vendor/laravel/framework/src/Illuminate/Http/Middleware/ValidatePostSize.php(27): Illuminate/Pipeline/Pipeline->{closure:{closure:Illuminate/Pipeline/Pipeline::carry():184}:185}(Object(Illuminate/Http/Request))
#35 C:/Users/kauag/Desktop/Pastas/Projetos/ECommerce/Backend/vendor/laravel/framework/src/Illuminate/Pipeline/Pipeline.php(209): Illuminate/Http/Middleware/ValidatePostSize->handle(Object(Illuminate/Http/Request), Object(Closure))
#36 C:/Users/kauag/Desktop/Pastas/Projetos/ECommerce/Backend/vendor/laravel/framework/src/Illuminate/Foundation/Http/Middleware/PreventRequestsDuringMaintenance.php(110): Illuminate/Pipeline/Pipeline->{closure:{closure:Illuminate/Pipeline/Pipeline::carry():184}:185}(Object(Illuminate/Http/Request))
#37 C:/Users/kauag/Desktop/Pastas/Projetos/ECommerce/Backend/vendor/laravel/framework/src/Illuminate/Pipeline/Pipeline.php(209): Illuminate/Foundation/Http/Middleware/PreventRequestsDuringMaintenance->handle(Object(Illuminate/Http/Request), Object(Closure))
#38 C:/Users/kauag/Desktop/Pastas/Projetos/ECommerce/Backend/vendor/laravel/framework/src/Illuminate/Http/Middleware/HandleCors.php(62): Illuminate/Pipeline/Pipeline->{closure:{closure:Illuminate/Pipeline/Pipeline::carry():184}:185}(Object(Illuminate/Http/Request))
#39 C:/Users/kauag/Desktop/Pastas/Projetos/ECommerce/Backend/vendor/laravel/framework/src/Illuminate/Pipeline/Pipeline.php(209): Illuminate/Http/Middleware/HandleCors->handle(Object(Illuminate/Http/Request), Object(Closure))
#40 C:/Users/kauag/Desktop/Pastas/Projetos/ECommerce/Backend/vendor/laravel/framework/src/Illuminate/Http/Middleware/TrustProxies.php(58): Illuminate/Pipeline/Pipeline->{closure:{closure:Illuminate/Pipeline/Pipeline::carry():184}:185}(Object(Illuminate/Http/Request))
#41 C:/Users/kauag/Desktop/Pastas/Projetos/ECommerce/Backend/vendor/laravel/framework/src/Illuminate/Pipeline/Pipeline.php(209): Illuminate/Http/Middleware/TrustProxies->handle(Object(Illuminate/Http/Request), Object(Closure))
#42 C:/Users/kauag/Desktop/Pastas/Projetos/ECommerce/Backend/vendor/laravel/framework/src/Illuminate/Foundation/Http/Middleware/InvokeDeferredCallbacks.php(22): Illuminate/Pipeline/Pipeline->{closure:{closure:Illuminate/Pipeline/Pipeline::carry():184}:185}(Object(Illuminate/Http/Request))
#43 C:/Users/kauag/Desktop/Pastas/Projetos/ECommerce/Backend/vendor/laravel/framework/src/Illuminate/Pipeline/Pipeline.php(209): Illuminate/Foundation/Http/Middleware/InvokeDeferredCallbacks->handle(Object(Illuminate/Http/Request), Object(Closure))
#44 C:/Users/kauag/Desktop/Pastas/Projetos/ECommerce/Backend/vendor/laravel/framework/src/Illuminate/Pipeline/Pipeline.php(127): Illuminate/Pipeline/Pipeline->{closure:{closure:Illuminate/Pipeline/Pipeline::carry():184}:185}(Object(Illuminate/Http/Request))
#45 C:/Users/kauag/Desktop/Pastas/Projetos/ECommerce/Backend/vendor/laravel/framework/src/Illuminate/Foundation/Http/Kernel.php(176): Illuminate/Pipeline/Pipeline->then(Object(Closure))
#46 C:/Users/kauag/Desktop/Pastas/Projetos/ECommerce/Backend/vendor/laravel/framework/src/Illuminate/Foundation/Http/Kernel.php(145): Illuminate/Foundation/Http/Kernel->sendRequestThroughRouter(Object(Illuminate/Http/Request))
#47 C:/Users/kauag/Desktop/Pastas/Projetos/ECommerce/Backend/vendor/laravel/framework/src/Illuminate/Foundation/Application.php(1220): Illuminate/Foundation/Http/Kernel->handle(Object(Illuminate/Http/Request))
#48 C:/Users/kauag/Desktop/Pastas/Projetos/ECommerce/Backend/public/index.php(16): Illuminate/Foundation/Application->handleRequest(Object(Illuminate/Http/Request))
#49 C:/Users/kauag/Desktop/Pastas/Projetos/ECommerce/Backend/vendor/laravel/framework/src/Illuminate/Foundation/resources/server.php(23): require_once('C://Users//kauag//...')
#50 {main}

[previous exception] [object] (PDOException(code: 42S22): SQLSTATE[42S22]: Column not found: 1054 Unknown column 'pr.preco_custo' in 'field list' at C:/Users/kauag/Desktop/Pastas/Projetos/ECommerce/Backend/vendor/laravel/framework/src/Illuminate/Database/Connection.php:407)
[stacktrace]
#0 C:/Users/kauag/Desktop/Pastas/Projetos/ECommerce/Backend/vendor/laravel/framework/src/Illuminate/Database/Connection.php(407): PDO->prepare('select /n       ...')
#1 C:/Users/kauag/Desktop/Pastas/Projetos/ECommerce/Backend/vendor/laravel/framework/src/Illuminate/Database/Connection.php(812): Illuminate/Database/Connection->{closure:Illuminate/Database/Connection::select():398}('select /n       ...', Array)
#2 C:/Users/kauag/Desktop/Pastas/Projetos/ECommerce/Backend/vendor/laravel/framework/src/Illuminate/Database/Connection.php(779): Illuminate/Database/Connection->runQueryCallback('select /n       ...', Array, Object(Closure))
#3 C:/Users/kauag/Desktop/Pastas/Projetos/ECommerce/Backend/vendor/laravel/framework/src/Illuminate/Database/Connection.php(398): Illuminate/Database/Connection->run('select /n       ...', Array, Object(Closure))
#4 C:/Users/kauag/Desktop/Pastas/Projetos/ECommerce/Backend/vendor/laravel/framework/src/Illuminate/Database/Query/Builder.php(3106): Illuminate/Database/Connection->select('select /n       ...', Array, true)
#5 C:/Users/kauag/Desktop/Pastas/Projetos/ECommerce/Backend/vendor/laravel/framework/src/Illuminate/Database/Query/Builder.php(3091): Illuminate/Database/Query/Builder->runSelect()
#6 C:/Users/kauag/Desktop/Pastas/Projetos/ECommerce/Backend/vendor/laravel/framework/src/Illuminate/Database/Query/Builder.php(3676): Illuminate/Database/Query/Builder->{closure:Illuminate/Database/Query/Builder::get():3090}()
#7 C:/Users/kauag/Desktop/Pastas/Projetos/ECommerce/Backend/vendor/laravel/framework/src/Illuminate/Database/Query/Builder.php(3090): Illuminate/Database/Query/Builder->onceWithColumns(Array, Object(Closure))
#8 C:/Users/kauag/Desktop/Pastas/Projetos/ECommerce/Backend/vendor/laravel/framework/src/Illuminate/Database/Concerns/BuildsQueries.php(343): Illuminate/Database/Query/Builder->get(Array)
#9 C:/Users/kauag/Desktop/Pastas/Projetos/ECommerce/Backend/app/Services/DashboardService.php(48): Illuminate/Database/Query/Builder->first()
#10 C:/Users/kauag/Desktop/Pastas/Projetos/ECommerce/Backend/app/Services/DashboardService.php(26): App/Services/DashboardService->resumoPeriodo(Object(Illuminate/Support/Carbon), Object(Illuminate/Support/Carbon))
#11 C:/Users/kauag/Desktop/Pastas/Projetos/ECommerce/Backend/app/Http/Controllers/Api/DashboardController.php(23): App/Services/DashboardService->resumoGeral()
#12 C:/Users/kauag/Desktop/Pastas/Projetos/ECommerce/Backend/vendor/laravel/framework/src/Illuminate/Routing/ControllerDispatcher.php(47): App/Http/Controllers/Api/DashboardController->index()
#13 C:/Users/kauag/Desktop/Pastas/Projetos/ECommerce/Backend/vendor/laravel/framework/src/Illuminate/Routing/Route.php(266): Illuminate/Routing/ControllerDispatcher->dispatch(Object(Illuminate/Routing/Route), Object(App/Http/Controllers/Api/DashboardController), 'index')
#14 C:/Users/kauag/Desktop/Pastas/Projetos/ECommerce/Backend/vendor/laravel/framework/src/Illuminate/Routing/Route.php(212): Illuminate/Routing/Route->runController()
#15 C:/Users/kauag/Desktop/Pastas/Projetos/ECommerce/Backend/vendor/laravel/framework/src/Illuminate/Routing/Router.php(808): Illuminate/Routing/Route->run()
#16 C:/Users/kauag/Desktop/Pastas/Projetos/ECommerce/Backend/vendor/laravel/framework/src/Illuminate/Pipeline/Pipeline.php(170): Illuminate/Routing/Router->{closure:Illuminate/Routing/Router::runRouteWithinStack():807}(Object(Illuminate/Http/Request))
#17 C:/Users/kauag/Desktop/Pastas/Projetos/ECommerce/Backend/app/Http/Middleware/AdminApenas.php(23): Illuminate/Pipeline/Pipeline->{closure:Illuminate/Pipeline/Pipeline::prepareDestination():168}(Object(Illuminate/Http/Request))
#18 C:/Users/kauag/Desktop/Pastas/Projetos/ECommerce/Backend/vendor/laravel/framework/src/Illuminate/Pipeline/Pipeline.php(209): App/Http/Middleware/AdminApenas->handle(Object(Illuminate/Http/Request), Object(Closure))
#19 C:/Users/kauag/Desktop/Pastas/Projetos/ECommerce/Backend/vendor/laravel/framework/src/Illuminate/Routing/Middleware/SubstituteBindings.php(51): Illuminate/Pipeline/Pipeline->{closure:{closure:Illuminate/Pipeline/Pipeline::carry():184}:185}(Object(Illuminate/Http/Request))
#20 C:/Users/kauag/Desktop/Pastas/Projetos/ECommerce/Backend/vendor/laravel/framework/src/Illuminate/Pipeline/Pipeline.php(209): Illuminate/Routing/Middleware/SubstituteBindings->handle(Object(Illuminate/Http/Request), Object(Closure))
#21 C:/Users/kauag/Desktop/Pastas/Projetos/ECommerce/Backend/vendor/laravel/framework/src/Illuminate/Auth/Middleware/Authenticate.php(64): Illuminate/Pipeline/Pipeline->{closure:{closure:Illuminate/Pipeline/Pipeline::carry():184}:185}(Object(Illuminate/Http/Request))
#22 C:/Users/kauag/Desktop/Pastas/Projetos/ECommerce/Backend/vendor/laravel/framework/src/Illuminate/Pipeline/Pipeline.php(209): Illuminate/Auth/Middleware/Authenticate->handle(Object(Illuminate/Http/Request), Object(Closure), 'sanctum')
#23 C:/Users/kauag/Desktop/Pastas/Projetos/ECommerce/Backend/vendor/laravel/framework/src/Illuminate/Pipeline/Pipeline.php(127): Illuminate/Pipeline/Pipeline->{closure:{closure:Illuminate/Pipeline/Pipeline::carry():184}:185}(Object(Illuminate/Http/Request))
#24 C:/Users/kauag/Desktop/Pastas/Projetos/ECommerce/Backend/vendor/laravel/framework/src/Illuminate/Routing/Router.php(807): Illuminate/Pipeline/Pipeline->then(Object(Closure))
#25 C:/Users/kauag/Desktop/Pastas/Projetos/ECommerce/Backend/vendor/laravel/framework/src/Illuminate/Routing/Router.php(786): Illuminate/Routing/Router->runRouteWithinStack(Object(Illuminate/Routing/Route), Object(Illuminate/Http/Request))
#26 C:/Users/kauag/Desktop/Pastas/Projetos/ECommerce/Backend/vendor/laravel/framework/src/Illuminate/Routing/Router.php(750): Illuminate/Routing/Router->runRoute(Object(Illuminate/Http/Request), Object(Illuminate/Routing/Route))
#27 C:/Users/kauag/Desktop/Pastas/Projetos/ECommerce/Backend/vendor/laravel/framework/src/Illuminate/Routing/Router.php(739): Illuminate/Routing/Router->dispatchToRoute(Object(Illuminate/Http/Request))
#28 C:/Users/kauag/Desktop/Pastas/Projetos/ECommerce/Backend/vendor/laravel/framework/src/Illuminate/Foundation/Http/Kernel.php(201): Illuminate/Routing/Router->dispatch(Object(Illuminate/Http/Request))
#29 C:/Users/kauag/Desktop/Pastas/Projetos/ECommerce/Backend/vendor/laravel/framework/src/Illuminate/Pipeline/Pipeline.php(170): Illuminate/Foundation/Http/Kernel->{closure:Illuminate/Foundation/Http/Kernel::dispatchToRouter():198}(Object(Illuminate/Http/Request))
#30 C:/Users/kauag/Desktop/Pastas/Projetos/ECommerce/Backend/vendor/laravel/framework/src/Illuminate/Foundation/Http/Middleware/TransformsRequest.php(21): Illuminate/Pipeline/Pipeline->{closure:Illuminate/Pipeline/Pipeline::prepareDestination():168}(Object(Illuminate/Http/Request))
#31 C:/Users/kauag/Desktop/Pastas/Projetos/ECommerce/Backend/vendor/laravel/framework/src/Illuminate/Foundation/Http/Middleware/ConvertEmptyStringsToNull.php(31): Illuminate/Foundation/Http/Middleware/TransformsRequest->handle(Object(Illuminate/Http/Request), Object(Closure))
#32 C:/Users/kauag/Desktop/Pastas/Projetos/ECommerce/Backend/vendor/laravel/framework/src/Illuminate/Pipeline/Pipeline.php(209): Illuminate/Foundation/Http/Middleware/ConvertEmptyStringsToNull->handle(Object(Illuminate/Http/Request), Object(Closure))
#33 C:/Users/kauag/Desktop/Pastas/Projetos/ECommerce/Backend/vendor/laravel/framework/src/Illuminate/Foundation/Http/Middleware/TransformsRequest.php(21): Illuminate/Pipeline/Pipeline->{closure:{closure:Illuminate/Pipeline/Pipeline::carry():184}:185}(Object(Illuminate/Http/Request))
#34 C:/Users/kauag/Desktop/Pastas/Projetos/ECommerce/Backend/vendor/laravel/framework/src/Illuminate/Foundation/Http/Middleware/TrimStrings.php(51): Illuminate/Foundation/Http/Middleware/TransformsRequest->handle(Object(Illuminate/Http/Request), Object(Closure))
#35 C:/Users/kauag/Desktop/Pastas/Projetos/ECommerce/Backend/vendor/laravel/framework/src/Illuminate/Pipeline/Pipeline.php(209): Illuminate/Foundation/Http/Middleware/TrimStrings->handle(Object(Illuminate/Http/Request), Object(Closure))
#36 C:/Users/kauag/Desktop/Pastas/Projetos/ECommerce/Backend/vendor/laravel/framework/src/Illuminate/Http/Middleware/ValidatePostSize.php(27): Illuminate/Pipeline/Pipeline->{closure:{closure:Illuminate/Pipeline/Pipeline::carry():184}:185}(Object(Illuminate/Http/Request))
#37 C:/Users/kauag/Desktop/Pastas/Projetos/ECommerce/Backend/vendor/laravel/framework/src/Illuminate/Pipeline/Pipeline.php(209): Illuminate/Http/Middleware/ValidatePostSize->handle(Object(Illuminate/Http/Request), Object(Closure))
#38 C:/Users/kauag/Desktop/Pastas/Projetos/ECommerce/Backend/vendor/laravel/framework/src/Illuminate/Foundation/Http/Middleware/PreventRequestsDuringMaintenance.php(110): Illuminate/Pipeline/Pipeline->{closure:{closure:Illuminate/Pipeline/Pipeline::carry():184}:185}(Object(Illuminate/Http/Request))
#39 C:/Users/kauag/Desktop/Pastas/Projetos/ECommerce/Backend/vendor/laravel/framework/src/Illuminate/Pipeline/Pipeline.php(209): Illuminate/Foundation/Http/Middleware/PreventRequestsDuringMaintenance->handle(Object(Illuminate/Http/Request), Object(Closure))
#40 C:/Users/kauag/Desktop/Pastas/Projetos/ECommerce/Backend/vendor/laravel/framework/src/Illuminate/Http/Middleware/HandleCors.php(62): Illuminate/Pipeline/Pipeline->{closure:{closure:Illuminate/Pipeline/Pipeline::carry():184}:185}(Object(Illuminate/Http/Request))
#41 C:/Users/kauag/Desktop/Pastas/Projetos/ECommerce/Backend/vendor/laravel/framework/src/Illuminate/Pipeline/Pipeline.php(209): Illuminate/Http/Middleware/HandleCors->handle(Object(Illuminate/Http/Request), Object(Closure))
#42 C:/Users/kauag/Desktop/Pastas/Projetos/ECommerce/Backend/vendor/laravel/framework/src/Illuminate/Http/Middleware/TrustProxies.php(58): Illuminate/Pipeline/Pipeline->{closure:{closure:Illuminate/Pipeline/Pipeline::carry():184}:185}(Object(Illuminate/Http/Request))
#43 C:/Users/kauag/Desktop/Pastas/Projetos/ECommerce/Backend/vendor/laravel/framework/src/Illuminate/Pipeline/Pipeline.php(209): Illuminate/Http/Middleware/TrustProxies->handle(Object(Illuminate/Http/Request), Object(Closure))
#44 C:/Users/kauag/Desktop/Pastas/Projetos/ECommerce/Backend/vendor/laravel/framework/src/Illuminate/Foundation/Http/Middleware/InvokeDeferredCallbacks.php(22): Illuminate/Pipeline/Pipeline->{closure:{closure:Illuminate/Pipeline/Pipeline::carry():184}:185}(Object(Illuminate/Http/Request))
#45 C:/Users/kauag/Desktop/Pastas/Projetos/ECommerce/Backend/vendor/laravel/framework/src/Illuminate/Pipeline/Pipeline.php(209): Illuminate/Foundation/Http/Middleware/InvokeDeferredCallbacks->handle(Object(Illuminate/Http/Request), Object(Closure))
#46 C:/Users/kauag/Desktop/Pastas/Projetos/ECommerce/Backend/vendor/laravel/framework/src/Illuminate/Pipeline/Pipeline.php(127): Illuminate/Pipeline/Pipeline->{closure:{closure:Illuminate/Pipeline/Pipeline::carry():184}:185}(Object(Illuminate/Http/Request))
#47 C:/Users/kauag/Desktop/Pastas/Projetos/ECommerce/Backend/vendor/laravel/framework/src/Illuminate/Foundation/Http/Kernel.php(176): Illuminate/Pipeline/Pipeline->then(Object(Closure))
#48 C:/Users/kauag/Desktop/Pastas/Projetos/ECommerce/Backend/vendor/laravel/framework/src/Illuminate/Foundation/Http/Kernel.php(145): Illuminate/Foundation/Http/Kernel->sendRequestThroughRouter(Object(Illuminate/Http/Request))
#49 C:/Users/kauag/Desktop/Pastas/Projetos/ECommerce/Backend/vendor/laravel/framework/src/Illuminate/Foundation/Application.php(1220): Illuminate/Foundation/Http/Kernel->handle(Object(Illuminate/Http/Request))
#50 C:/Users/kauag/Desktop/Pastas/Projetos/ECommerce/Backend/public/index.php(16): Illuminate/Foundation/Application->handleRequest(Object(Illuminate/Http/Request))
#51 C:/Users/kauag/Desktop/Pastas/Projetos/ECommerce/Backend/vendor/laravel/framework/src/Illuminate/Foundation/resources/server.php(23): require_once('C://Users//kauag//...')
#52 {main}
"} 
[2026-08-26 16:58:59] local.ERROR: SQLSTATE[42S22]: Column not found: 1054 Unknown column 'pr.preco_custo' in 'field list' (Connection: mysql, SQL: select 
                COALESCE(SUM(ip.quantidade * ip.preco_unitario), 0) as faturamento,
                COALESCE(SUM(ip.quantidade * COALESCE(pr.preco_custo, 0)), 0) as custo_total,
                COUNT(DISTINCT p.id) as pedidos
             from `itens_pedido` as `ip` inner join `pedidos` as `p` on `p`.`id` = `ip`.`pedido_id` inner join `produtos` as `pr` on `pr`.`id` = `ip`.`produto_id` where `p`.`status` in (pago, concluido) and `p`.`created_at` between 2026-08-01 00:00:00 and 2026-08-31 23:59:59 limit 1) {"userId":1,"exception":"[object] (Illuminate\\Database\\QueryException(code: 42S22): SQLSTATE[42S22]: Column not found: 1054 Unknown column 'pr.preco_custo' in 'field list' (Connection: mysql, SQL: select 
                COALESCE(SUM(ip.quantidade * ip.preco_unitario), 0) as faturamento,
                COALESCE(SUM(ip.quantidade * COALESCE(pr.preco_custo, 0)), 0) as custo_total,
                COUNT(DISTINCT p.id) as pedidos
             from `itens_pedido` as `ip` inner join `pedidos` as `p` on `p`.`id` = `ip`.`pedido_id` inner join `produtos` as `pr` on `pr`.`id` = `ip`.`produto_id` where `p`.`status` in (pago, concluido) and `p`.`created_at` between 2026-08-01 00:00:00 and 2026-08-31 23:59:59 limit 1) at C:/Users/kauag/Desktop/Pastas/Projetos/ECommerce/Backend/vendor/laravel/framework/src/Illuminate/Database/Connection.php:825)
[stacktrace]
#0 C:/Users/kauag/Desktop/Pastas/Projetos/ECommerce/Backend/vendor/laravel/framework/src/Illuminate/Database/Connection.php(779): Illuminate/Database/Connection->runQueryCallback('select /n       ...', Array, Object(Closure))
#1 C:/Users/kauag/Desktop/Pastas/Projetos/ECommerce/Backend/vendor/laravel/framework/src/Illuminate/Database/Connection.php(398): Illuminate/Database/Connection->run('select /n       ...', Array, Object(Closure))
#2 C:/Users/kauag/Desktop/Pastas/Projetos/ECommerce/Backend/vendor/laravel/framework/src/Illuminate/Database/Query/Builder.php(3106): Illuminate/Database/Connection->select('select /n       ...', Array, true)
#3 C:/Users/kauag/Desktop/Pastas/Projetos/ECommerce/Backend/vendor/laravel/framework/src/Illuminate/Database/Query/Builder.php(3091): Illuminate/Database/Query/Builder->runSelect()
#4 C:/Users/kauag/Desktop/Pastas/Projetos/ECommerce/Backend/vendor/laravel/framework/src/Illuminate/Database/Query/Builder.php(3676): Illuminate/Database/Query/Builder->{closure:Illuminate/Database/Query/Builder::get():3090}()
#5 C:/Users/kauag/Desktop/Pastas/Projetos/ECommerce/Backend/vendor/laravel/framework/src/Illuminate/Database/Query/Builder.php(3090): Illuminate/Database/Query/Builder->onceWithColumns(Array, Object(Closure))
#6 C:/Users/kauag/Desktop/Pastas/Projetos/ECommerce/Backend/vendor/laravel/framework/src/Illuminate/Database/Concerns/BuildsQueries.php(343): Illuminate/Database/Query/Builder->get(Array)
#7 C:/Users/kauag/Desktop/Pastas/Projetos/ECommerce/Backend/app/Services/DashboardService.php(48): Illuminate/Database/Query/Builder->first()
#8 C:/Users/kauag/Desktop/Pastas/Projetos/ECommerce/Backend/app/Services/DashboardService.php(26): App/Services/DashboardService->resumoPeriodo(Object(Illuminate/Support/Carbon), Object(Illuminate/Support/Carbon))
#9 C:/Users/kauag/Desktop/Pastas/Projetos/ECommerce/Backend/app/Http/Controllers/Api/DashboardController.php(23): App/Services/DashboardService->resumoGeral()
#10 C:/Users/kauag/Desktop/Pastas/Projetos/ECommerce/Backend/vendor/laravel/framework/src/Illuminate/Routing/ControllerDispatcher.php(47): App/Http/Controllers/Api/DashboardController->index()
#11 C:/Users/kauag/Desktop/Pastas/Projetos/ECommerce/Backend/vendor/laravel/framework/src/Illuminate/Routing/Route.php(266): Illuminate/Routing/ControllerDispatcher->dispatch(Object(Illuminate/Routing/Route), Object(App/Http/Controllers/Api/DashboardController), 'index')
#12 C:/Users/kauag/Desktop/Pastas/Projetos/ECommerce/Backend/vendor/laravel/framework/src/Illuminate/Routing/Route.php(212): Illuminate/Routing/Route->runController()
#13 C:/Users/kauag/Desktop/Pastas/Projetos/ECommerce/Backend/vendor/laravel/framework/src/Illuminate/Routing/Router.php(808): Illuminate/Routing/Route->run()
#14 C:/Users/kauag/Desktop/Pastas/Projetos/ECommerce/Backend/vendor/laravel/framework/src/Illuminate/Pipeline/Pipeline.php(170): Illuminate/Routing/Router->{closure:Illuminate/Routing/Router::runRouteWithinStack():807}(Object(Illuminate/Http/Request))
#15 C:/Users/kauag/Desktop/Pastas/Projetos/ECommerce/Backend/app/Http/Middleware/AdminApenas.php(23): Illuminate/Pipeline/Pipeline->{closure:Illuminate/Pipeline/Pipeline::prepareDestination():168}(Object(Illuminate/Http/Request))
#16 C:/Users/kauag/Desktop/Pastas/Projetos/ECommerce/Backend/vendor/laravel/framework/src/Illuminate/Pipeline/Pipeline.php(209): App/Http/Middleware/AdminApenas->handle(Object(Illuminate/Http/Request), Object(Closure))
#17 C:/Users/kauag/Desktop/Pastas/Projetos/ECommerce/Backend/vendor/laravel/framework/src/Illuminate/Routing/Middleware/SubstituteBindings.php(51): Illuminate/Pipeline/Pipeline->{closure:{closure:Illuminate/Pipeline/Pipeline::carry():184}:185}(Object(Illuminate/Http/Request))
#18 C:/Users/kauag/Desktop/Pastas/Projetos/ECommerce/Backend/vendor/laravel/framework/src/Illuminate/Pipeline/Pipeline.php(209): Illuminate/Routing/Middleware/SubstituteBindings->handle(Object(Illuminate/Http/Request), Object(Closure))
#19 C:/Users/kauag/Desktop/Pastas/Projetos/ECommerce/Backend/vendor/laravel/framework/src/Illuminate/Auth/Middleware/Authenticate.php(64): Illuminate/Pipeline/Pipeline->{closure:{closure:Illuminate/Pipeline/Pipeline::carry():184}:185}(Object(Illuminate/Http/Request))
#20 C:/Users/kauag/Desktop/Pastas/Projetos/ECommerce/Backend/vendor/laravel/framework/src/Illuminate/Pipeline/Pipeline.php(209): Illuminate/Auth/Middleware/Authenticate->handle(Object(Illuminate/Http/Request), Object(Closure), 'sanctum')
#21 C:/Users/kauag/Desktop/Pastas/Projetos/ECommerce/Backend/vendor/laravel/framework/src/Illuminate/Pipeline/Pipeline.php(127): Illuminate/Pipeline/Pipeline->{closure:{closure:Illuminate/Pipeline/Pipeline::carry():184}:185}(Object(Illuminate/Http/Request))
#22 C:/Users/kauag/Desktop/Pastas/Projetos/ECommerce/Backend/vendor/laravel/framework/src/Illuminate/Routing/Router.php(807): Illuminate/Pipeline/Pipeline->then(Object(Closure))
#23 C:/Users/kauag/Desktop/Pastas/Projetos/ECommerce/Backend/vendor/laravel/framework/src/Illuminate/Routing/Router.php(786): Illuminate/Routing/Router->runRouteWithinStack(Object(Illuminate/Routing/Route), Object(Illuminate/Http/Request))
#24 C:/Users/kauag/Desktop/Pastas/Projetos/ECommerce/Backend/vendor/laravel/framework/src/Illuminate/Routing/Router.php(750): Illuminate/Routing/Router->runRoute(Object(Illuminate/Http/Request), Object(Illuminate/Routing/Route))
#25 C:/Users/kauag/Desktop/Pastas/Projetos/ECommerce/Backend/vendor/laravel/framework/src/Illuminate/Routing/Router.php(739): Illuminate/Routing/Router->dispatchToRoute(Object(Illuminate/Http/Request))
#26 C:/Users/kauag/Desktop/Pastas/Projetos/ECommerce/Backend/vendor/laravel/framework/src/Illuminate/Foundation/Http/Kernel.php(201): Illuminate/Routing/Router->dispatch(Object(Illuminate/Http/Request))
#27 C:/Users/kauag/Desktop/Pastas/Projetos/ECommerce/Backend/vendor/laravel/framework/src/Illuminate/Pipeline/Pipeline.php(170): Illuminate/Foundation/Http/Kernel->{closure:Illuminate/Foundation/Http/Kernel::dispatchToRouter():198}(Object(Illuminate/Http/Request))
#28 C:/Users/kauag/Desktop/Pastas/Projetos/ECommerce/Backend/vendor/laravel/framework/src/Illuminate/Foundation/Http/Middleware/TransformsRequest.php(21): Illuminate/Pipeline/Pipeline->{closure:Illuminate/Pipeline/Pipeline::prepareDestination():168}(Object(Illuminate/Http/Request))
#29 C:/Users/kauag/Desktop/Pastas/Projetos/ECommerce/Backend/vendor/laravel/framework/src/Illuminate/Foundation/Http/Middleware/ConvertEmptyStringsToNull.php(31): Illuminate/Foundation/Http/Middleware/TransformsRequest->handle(Object(Illuminate/Http/Request), Object(Closure))
#30 C:/Users/kauag/Desktop/Pastas/Projetos/ECommerce/Backend/vendor/laravel/framework/src/Illuminate/Pipeline/Pipeline.php(209): Illuminate/Foundation/Http/Middleware/ConvertEmptyStringsToNull->handle(Object(Illuminate/Http/Request), Object(Closure))
#31 C:/Users/kauag/Desktop/Pastas/Projetos/ECommerce/Backend/vendor/laravel/framework/src/Illuminate/Foundation/Http/Middleware/TransformsRequest.php(21): Illuminate/Pipeline/Pipeline->{closure:{closure:Illuminate/Pipeline/Pipeline::carry():184}:185}(Object(Illuminate/Http/Request))
#32 C:/Users/kauag/Desktop/Pastas/Projetos/ECommerce/Backend/vendor/laravel/framework/src/Illuminate/Foundation/Http/Middleware/TrimStrings.php(51): Illuminate/Foundation/Http/Middleware/TransformsRequest->handle(Object(Illuminate/Http/Request), Object(Closure))
#33 C:/Users/kauag/Desktop/Pastas/Projetos/ECommerce/Backend/vendor/laravel/framework/src/Illuminate/Pipeline/Pipeline.php(209): Illuminate/Foundation/Http/Middleware/TrimStrings->handle(Object(Illuminate/Http/Request), Object(Closure))
#34 C:/Users/kauag/Desktop/Pastas/Projetos/ECommerce/Backend/vendor/laravel/framework/src/Illuminate/Http/Middleware/ValidatePostSize.php(27): Illuminate/Pipeline/Pipeline->{closure:{closure:Illuminate/Pipeline/Pipeline::carry():184}:185}(Object(Illuminate/Http/Request))
#35 C:/Users/kauag/Desktop/Pastas/Projetos/ECommerce/Backend/vendor/laravel/framework/src/Illuminate/Pipeline/Pipeline.php(209): Illuminate/Http/Middleware/ValidatePostSize->handle(Object(Illuminate/Http/Request), Object(Closure))
#36 C:/Users/kauag/Desktop/Pastas/Projetos/ECommerce/Backend/vendor/laravel/framework/src/Illuminate/Foundation/Http/Middleware/PreventRequestsDuringMaintenance.php(110): Illuminate/Pipeline/Pipeline->{closure:{closure:Illuminate/Pipeline/Pipeline::carry():184}:185}(Object(Illuminate/Http/Request))
#37 C:/Users/kauag/Desktop/Pastas/Projetos/ECommerce/Backend/vendor/laravel/framework/src/Illuminate/Pipeline/Pipeline.php(209): Illuminate/Foundation/Http/Middleware/PreventRequestsDuringMaintenance->handle(Object(Illuminate/Http/Request), Object(Closure))
#38 C:/Users/kauag/Desktop/Pastas/Projetos/ECommerce/Backend/vendor/laravel/framework/src/Illuminate/Http/Middleware/HandleCors.php(62): Illuminate/Pipeline/Pipeline->{closure:{closure:Illuminate/Pipeline/Pipeline::carry():184}:185}(Object(Illuminate/Http/Request))
#39 C:/Users/kauag/Desktop/Pastas/Projetos/ECommerce/Backend/vendor/laravel/framework/src/Illuminate/Pipeline/Pipeline.php(209): Illuminate/Http/Middleware/HandleCors->handle(Object(Illuminate/Http/Request), Object(Closure))
#40 C:/Users/kauag/Desktop/Pastas/Projetos/ECommerce/Backend/vendor/laravel/framework/src/Illuminate/Http/Middleware/TrustProxies.php(58): Illuminate/Pipeline/Pipeline->{closure:{closure:Illuminate/Pipeline/Pipeline::carry():184}:185}(Object(Illuminate/Http/Request))
#41 C:/Users/kauag/Desktop/Pastas/Projetos/ECommerce/Backend/vendor/laravel/framework/src/Illuminate/Pipeline/Pipeline.php(209): Illuminate/Http/Middleware/TrustProxies->handle(Object(Illuminate/Http/Request), Object(Closure))
#42 C:/Users/kauag/Desktop/Pastas/Projetos/ECommerce/Backend/vendor/laravel/framework/src/Illuminate/Foundation/Http/Middleware/InvokeDeferredCallbacks.php(22): Illuminate/Pipeline/Pipeline->{closure:{closure:Illuminate/Pipeline/Pipeline::carry():184}:185}(Object(Illuminate/Http/Request))
#43 C:/Users/kauag/Desktop/Pastas/Projetos/ECommerce/Backend/vendor/laravel/framework/src/Illuminate/Pipeline/Pipeline.php(209): Illuminate/Foundation/Http/Middleware/InvokeDeferredCallbacks->handle(Object(Illuminate/Http/Request), Object(Closure))
#44 C:/Users/kauag/Desktop/Pastas/Projetos/ECommerce/Backend/vendor/laravel/framework/src/Illuminate/Pipeline/Pipeline.php(127): Illuminate/Pipeline/Pipeline->{closure:{closure:Illuminate/Pipeline/Pipeline::carry():184}:185}(Object(Illuminate/Http/Request))
#45 C:/Users/kauag/Desktop/Pastas/Projetos/ECommerce/Backend/vendor/laravel/framework/src/Illuminate/Foundation/Http/Kernel.php(176): Illuminate/Pipeline/Pipeline->then(Object(Closure))
#46 C:/Users/kauag/Desktop/Pastas/Projetos/ECommerce/Backend/vendor/laravel/framework/src/Illuminate/Foundation/Http/Kernel.php(145): Illuminate/Foundation/Http/Kernel->sendRequestThroughRouter(Object(Illuminate/Http/Request))
#47 C:/Users/kauag/Desktop/Pastas/Projetos/ECommerce/Backend/vendor/laravel/framework/src/Illuminate/Foundation/Application.php(1220): Illuminate/Foundation/Http/Kernel->handle(Object(Illuminate/Http/Request))
#48 C:/Users/kauag/Desktop/Pastas/Projetos/ECommerce/Backend/public/index.php(16): Illuminate/Foundation/Application->handleRequest(Object(Illuminate/Http/Request))
#49 C:/Users/kauag/Desktop/Pastas/Projetos/ECommerce/Backend/vendor/laravel/framework/src/Illuminate/Foundation/resources/server.php(23): require_once('C://Users//kauag//...')
#50 {main}

[previous exception] [object] (PDOException(code: 42S22): SQLSTATE[42S22]: Column not found: 1054 Unknown column 'pr.preco_custo' in 'field list' at C:/Users/kauag/Desktop/Pastas/Projetos/ECommerce/Backend/vendor/laravel/framework/src/Illuminate/Database/Connection.php:407)
[stacktrace]
#0 C:/Users/kauag/Desktop/Pastas/Projetos/ECommerce/Backend/vendor/laravel/framework/src/Illuminate/Database/Connection.php(407): PDO->prepare('select /n       ...')
#1 C:/Users/kauag/Desktop/Pastas/Projetos/ECommerce/Backend/vendor/laravel/framework/src/Illuminate/Database/Connection.php(812): Illuminate/Database/Connection->{closure:Illuminate/Database/Connection::select():398}('select /n       ...', Array)
#2 C:/Users/kauag/Desktop/Pastas/Projetos/ECommerce/Backend/vendor/laravel/framework/src/Illuminate/Database/Connection.php(779): Illuminate/Database/Connection->runQueryCallback('select /n       ...', Array, Object(Closure))
#3 C:/Users/kauag/Desktop/Pastas/Projetos/ECommerce/Backend/vendor/laravel/framework/src/Illuminate/Database/Connection.php(398): Illuminate/Database/Connection->run('select /n       ...', Array, Object(Closure))
#4 C:/Users/kauag/Desktop/Pastas/Projetos/ECommerce/Backend/vendor/laravel/framework/src/Illuminate/Database/Query/Builder.php(3106): Illuminate/Database/Connection->select('select /n       ...', Array, true)
#5 C:/Users/kauag/Desktop/Pastas/Projetos/ECommerce/Backend/vendor/laravel/framework/src/Illuminate/Database/Query/Builder.php(3091): Illuminate/Database/Query/Builder->runSelect()
#6 C:/Users/kauag/Desktop/Pastas/Projetos/ECommerce/Backend/vendor/laravel/framework/src/Illuminate/Database/Query/Builder.php(3676): Illuminate/Database/Query/Builder->{closure:Illuminate/Database/Query/Builder::get():3090}()
#7 C:/Users/kauag/Desktop/Pastas/Projetos/ECommerce/Backend/vendor/laravel/framework/src/Illuminate/Database/Query/Builder.php(3090): Illuminate/Database/Query/Builder->onceWithColumns(Array, Object(Closure))
#8 C:/Users/kauag/Desktop/Pastas/Projetos/ECommerce/Backend/vendor/laravel/framework/src/Illuminate/Database/Concerns/BuildsQueries.php(343): Illuminate/Database/Query/Builder->get(Array)
#9 C:/Users/kauag/Desktop/Pastas/Projetos/ECommerce/Backend/app/Services/DashboardService.php(48): Illuminate/Database/Query/Builder->first()
#10 C:/Users/kauag/Desktop/Pastas/Projetos/ECommerce/Backend/app/Services/DashboardService.php(26): App/Services/DashboardService->resumoPeriodo(Object(Illuminate/Support/Carbon), Object(Illuminate/Support/Carbon))
#11 C:/Users/kauag/Desktop/Pastas/Projetos/ECommerce/Backend/app/Http/Controllers/Api/DashboardController.php(23): App/Services/DashboardService->resumoGeral()
#12 C:/Users/kauag/Desktop/Pastas/Projetos/ECommerce/Backend/vendor/laravel/framework/src/Illuminate/Routing/ControllerDispatcher.php(47): App/Http/Controllers/Api/DashboardController->index()
#13 C:/Users/kauag/Desktop/Pastas/Projetos/ECommerce/Backend/vendor/laravel/framework/src/Illuminate/Routing/Route.php(266): Illuminate/Routing/ControllerDispatcher->dispatch(Object(Illuminate/Routing/Route), Object(App/Http/Controllers/Api/DashboardController), 'index')
#14 C:/Users/kauag/Desktop/Pastas/Projetos/ECommerce/Backend/vendor/laravel/framework/src/Illuminate/Routing/Route.php(212): Illuminate/Routing/Route->runController()
#15 C:/Users/kauag/Desktop/Pastas/Projetos/ECommerce/Backend/vendor/laravel/framework/src/Illuminate/Routing/Router.php(808): Illuminate/Routing/Route->run()
#16 C:/Users/kauag/Desktop/Pastas/Projetos/ECommerce/Backend/vendor/laravel/framework/src/Illuminate/Pipeline/Pipeline.php(170): Illuminate/Routing/Router->{closure:Illuminate/Routing/Router::runRouteWithinStack():807}(Object(Illuminate/Http/Request))
#17 C:/Users/kauag/Desktop/Pastas/Projetos/ECommerce/Backend/app/Http/Middleware/AdminApenas.php(23): Illuminate/Pipeline/Pipeline->{closure:Illuminate/Pipeline/Pipeline::prepareDestination():168}(Object(Illuminate/Http/Request))
#18 C:/Users/kauag/Desktop/Pastas/Projetos/ECommerce/Backend/vendor/laravel/framework/src/Illuminate/Pipeline/Pipeline.php(209): App/Http/Middleware/AdminApenas->handle(Object(Illuminate/Http/Request), Object(Closure))
#19 C:/Users/kauag/Desktop/Pastas/Projetos/ECommerce/Backend/vendor/laravel/framework/src/Illuminate/Routing/Middleware/SubstituteBindings.php(51): Illuminate/Pipeline/Pipeline->{closure:{closure:Illuminate/Pipeline/Pipeline::carry():184}:185}(Object(Illuminate/Http/Request))
#20 C:/Users/kauag/Desktop/Pastas/Projetos/ECommerce/Backend/vendor/laravel/framework/src/Illuminate/Pipeline/Pipeline.php(209): Illuminate/Routing/Middleware/SubstituteBindings->handle(Object(Illuminate/Http/Request), Object(Closure))
#21 C:/Users/kauag/Desktop/Pastas/Projetos/ECommerce/Backend/vendor/laravel/framework/src/Illuminate/Auth/Middleware/Authenticate.php(64): Illuminate/Pipeline/Pipeline->{closure:{closure:Illuminate/Pipeline/Pipeline::carry():184}:185}(Object(Illuminate/Http/Request))
#22 C:/Users/kauag/Desktop/Pastas/Projetos/ECommerce/Backend/vendor/laravel/framework/src/Illuminate/Pipeline/Pipeline.php(209): Illuminate/Auth/Middleware/Authenticate->handle(Object(Illuminate/Http/Request), Object(Closure), 'sanctum')
#23 C:/Users/kauag/Desktop/Pastas/Projetos/ECommerce/Backend/vendor/laravel/framework/src/Illuminate/Pipeline/Pipeline.php(127): Illuminate/Pipeline/Pipeline->{closure:{closure:Illuminate/Pipeline/Pipeline::carry():184}:185}(Object(Illuminate/Http/Request))
#24 C:/Users/kauag/Desktop/Pastas/Projetos/ECommerce/Backend/vendor/laravel/framework/src/Illuminate/Routing/Router.php(807): Illuminate/Pipeline/Pipeline->then(Object(Closure))
#25 C:/Users/kauag/Desktop/Pastas/Projetos/ECommerce/Backend/vendor/laravel/framework/src/Illuminate/Routing/Router.php(786): Illuminate/Routing/Router->runRouteWithinStack(Object(Illuminate/Routing/Route), Object(Illuminate/Http/Request))
#26 C:/Users/kauag/Desktop/Pastas/Projetos/ECommerce/Backend/vendor/laravel/framework/src/Illuminate/Routing/Router.php(750): Illuminate/Routing/Router->runRoute(Object(Illuminate/Http/Request), Object(Illuminate/Routing/Route))
#27 C:/Users/kauag/Desktop/Pastas/Projetos/ECommerce/Backend/vendor/laravel/framework/src/Illuminate/Routing/Router.php(739): Illuminate/Routing/Router->dispatchToRoute(Object(Illuminate/Http/Request))
#28 C:/Users/kauag/Desktop/Pastas/Projetos/ECommerce/Backend/vendor/laravel/framework/src/Illuminate/Foundation/Http/Kernel.php(201): Illuminate/Routing/Router->dispatch(Object(Illuminate/Http/Request))
#29 C:/Users/kauag/Desktop/Pastas/Projetos/ECommerce/Backend/vendor/laravel/framework/src/Illuminate/Pipeline/Pipeline.php(170): Illuminate/Foundation/Http/Kernel->{closure:Illuminate/Foundation/Http/Kernel::dispatchToRouter():198}(Object(Illuminate/Http/Request))
#30 C:/Users/kauag/Desktop/Pastas/Projetos/ECommerce/Backend/vendor/laravel/framework/src/Illuminate/Foundation/Http/Middleware/TransformsRequest.php(21): Illuminate/Pipeline/Pipeline->{closure:Illuminate/Pipeline/Pipeline::prepareDestination():168}(Object(Illuminate/Http/Request))
#31 C:/Users/kauag/Desktop/Pastas/Projetos/ECommerce/Backend/vendor/laravel/framework/src/Illuminate/Foundation/Http/Middleware/ConvertEmptyStringsToNull.php(31): Illuminate/Foundation/Http/Middleware/TransformsRequest->handle(Object(Illuminate/Http/Request), Object(Closure))
#32 C:/Users/kauag/Desktop/Pastas/Projetos/ECommerce/Backend/vendor/laravel/framework/src/Illuminate/Pipeline/Pipeline.php(209): Illuminate/Foundation/Http/Middleware/ConvertEmptyStringsToNull->handle(Object(Illuminate/Http/Request), Object(Closure))
#33 C:/Users/kauag/Desktop/Pastas/Projetos/ECommerce/Backend/vendor/laravel/framework/src/Illuminate/Foundation/Http/Middleware/TransformsRequest.php(21): Illuminate/Pipeline/Pipeline->{closure:{closure:Illuminate/Pipeline/Pipeline::carry():184}:185}(Object(Illuminate/Http/Request))
#34 C:/Users/kauag/Desktop/Pastas/Projetos/ECommerce/Backend/vendor/laravel/framework/src/Illuminate/Foundation/Http/Middleware/TrimStrings.php(51): Illuminate/Foundation/Http/Middleware/TransformsRequest->handle(Object(Illuminate/Http/Request), Object(Closure))
#35 C:/Users/kauag/Desktop/Pastas/Projetos/ECommerce/Backend/vendor/laravel/framework/src/Illuminate/Pipeline/Pipeline.php(209): Illuminate/Foundation/Http/Middleware/TrimStrings->handle(Object(Illuminate/Http/Request), Object(Closure))
#36 C:/Users/kauag/Desktop/Pastas/Projetos/ECommerce/Backend/vendor/laravel/framework/src/Illuminate/Http/Middleware/ValidatePostSize.php(27): Illuminate/Pipeline/Pipeline->{closure:{closure:Illuminate/Pipeline/Pipeline::carry():184}:185}(Object(Illuminate/Http/Request))
#37 C:/Users/kauag/Desktop/Pastas/Projetos/ECommerce/Backend/vendor/laravel/framework/src/Illuminate/Pipeline/Pipeline.php(209): Illuminate/Http/Middleware/ValidatePostSize->handle(Object(Illuminate/Http/Request), Object(Closure))
#38 C:/Users/kauag/Desktop/Pastas/Projetos/ECommerce/Backend/vendor/laravel/framework/src/Illuminate/Foundation/Http/Middleware/PreventRequestsDuringMaintenance.php(110): Illuminate/Pipeline/Pipeline->{closure:{closure:Illuminate/Pipeline/Pipeline::carry():184}:185}(Object(Illuminate/Http/Request))
#39 C:/Users/kauag/Desktop/Pastas/Projetos/ECommerce/Backend/vendor/laravel/framework/src/Illuminate/Pipeline/Pipeline.php(209): Illuminate/Foundation/Http/Middleware/PreventRequestsDuringMaintenance->handle(Object(Illuminate/Http/Request), Object(Closure))
#40 C:/Users/kauag/Desktop/Pastas/Projetos/ECommerce/Backend/vendor/laravel/framework/src/Illuminate/Http/Middleware/HandleCors.php(62): Illuminate/Pipeline/Pipeline->{closure:{closure:Illuminate/Pipeline/Pipeline::carry():184}:185}(Object(Illuminate/Http/Request))
#41 C:/Users/kauag/Desktop/Pastas/Projetos/ECommerce/Backend/vendor/laravel/framework/src/Illuminate/Pipeline/Pipeline.php(209): Illuminate/Http/Middleware/HandleCors->handle(Object(Illuminate/Http/Request), Object(Closure))
#42 C:/Users/kauag/Desktop/Pastas/Projetos/ECommerce/Backend/vendor/laravel/framework/src/Illuminate/Http/Middleware/TrustProxies.php(58): Illuminate/Pipeline/Pipeline->{closure:{closure:Illuminate/Pipeline/Pipeline::carry():184}:185}(Object(Illuminate/Http/Request))
#43 C:/Users/kauag/Desktop/Pastas/Projetos/ECommerce/Backend/vendor/laravel/framework/src/Illuminate/Pipeline/Pipeline.php(209): Illuminate/Http/Middleware/TrustProxies->handle(Object(Illuminate/Http/Request), Object(Closure))
#44 C:/Users/kauag/Desktop/Pastas/Projetos/ECommerce/Backend/vendor/laravel/framework/src/Illuminate/Foundation/Http/Middleware/InvokeDeferredCallbacks.php(22): Illuminate/Pipeline/Pipeline->{closure:{closure:Illuminate/Pipeline/Pipeline::carry():184}:185}(Object(Illuminate/Http/Request))
#45 C:/Users/kauag/Desktop/Pastas/Projetos/ECommerce/Backend/vendor/laravel/framework/src/Illuminate/Pipeline/Pipeline.php(209): Illuminate/Foundation/Http/Middleware/InvokeDeferredCallbacks->handle(Object(Illuminate/Http/Request), Object(Closure))
#46 C:/Users/kauag/Desktop/Pastas/Projetos/ECommerce/Backend/vendor/laravel/framework/src/Illuminate/Pipeline/Pipeline.php(127): Illuminate/Pipeline/Pipeline->{closure:{closure:Illuminate/Pipeline/Pipeline::carry():184}:185}(Object(Illuminate/Http/Request))
#47 C:/Users/kauag/Desktop/Pastas/Projetos/ECommerce/Backend/vendor/laravel/framework/src/Illuminate/Foundation/Http/Kernel.php(176): Illuminate/Pipeline/Pipeline->then(Object(Closure))
#48 C:/Users/kauag/Desktop/Pastas/Projetos/ECommerce/Backend/vendor/laravel/framework/src/Illuminate/Foundation/Http/Kernel.php(145): Illuminate/Foundation/Http/Kernel->sendRequestThroughRouter(Object(Illuminate/Http/Request))
#49 C:/Users/kauag/Desktop/Pastas/Projetos/ECommerce/Backend/vendor/laravel/framework/src/Illuminate/Foundation/Application.php(1220): Illuminate/Foundation/Http/Kernel->handle(Object(Illuminate/Http/Request))
#50 C:/Users/kauag/Desktop/Pastas/Projetos/ECommerce/Backend/public/index.php(16): Illuminate/Foundation/Application->handleRequest(Object(Illuminate/Http/Request))
#51 C:/Users/kauag/Desktop/Pastas/Projetos/ECommerce/Backend/vendor/laravel/framework/src/Illuminate/Foundation/resources/server.php(23): require_once('C://Users//kauag//...')
#52 {main}
"} 
[2026-08-26 16:59:00] local.ERROR: SQLSTATE[42S22]: Column not found: 1054 Unknown column 'pr.preco_custo' in 'field list' (Connection: mysql, SQL: select 
                COALESCE(SUM(ip.quantidade * ip.preco_unitario), 0) as faturamento,
                COALESCE(SUM(ip.quantidade * COALESCE(pr.preco_custo, 0)), 0) as custo_total,
                COUNT(DISTINCT p.id) as pedidos
             from `itens_pedido` as `ip` inner join `pedidos` as `p` on `p`.`id` = `ip`.`pedido_id` inner join `produtos` as `pr` on `pr`.`id` = `ip`.`produto_id` where `p`.`status` in (pago, concluido) and `p`.`created_at` between 2026-08-01 00:00:00 and 2026-08-31 23:59:59 limit 1) {"userId":1,"exception":"[object] (Illuminate\\Database\\QueryException(code: 42S22): SQLSTATE[42S22]: Column not found: 1054 Unknown column 'pr.preco_custo' in 'field list' (Connection: mysql, SQL: select 
                COALESCE(SUM(ip.quantidade * ip.preco_unitario), 0) as faturamento,
                COALESCE(SUM(ip.quantidade * COALESCE(pr.preco_custo, 0)), 0) as custo_total,
                COUNT(DISTINCT p.id) as pedidos
             from `itens_pedido` as `ip` inner join `pedidos` as `p` on `p`.`id` = `ip`.`pedido_id` inner join `produtos` as `pr` on `pr`.`id` = `ip`.`produto_id` where `p`.`status` in (pago, concluido) and `p`.`created_at` between 2026-08-01 00:00:00 and 2026-08-31 23:59:59 limit 1) at C:/Users/kauag/Desktop/Pastas/Projetos/ECommerce/Backend/vendor/laravel/framework/src/Illuminate/Database/Connection.php:825)
[stacktrace]
#0 C:/Users/kauag/Desktop/Pastas/Projetos/ECommerce/Backend/vendor/laravel/framework/src/Illuminate/Database/Connection.php(779): Illuminate/Database/Connection->runQueryCallback('select /n       ...', Array, Object(Closure))
#1 C:/Users/kauag/Desktop/Pastas/Projetos/ECommerce/Backend/vendor/laravel/framework/src/Illuminate/Database/Connection.php(398): Illuminate/Database/Connection->run('select /n       ...', Array, Object(Closure))
#2 C:/Users/kauag/Desktop/Pastas/Projetos/ECommerce/Backend/vendor/laravel/framework/src/Illuminate/Database/Query/Builder.php(3106): Illuminate/Database/Connection->select('select /n       ...', Array, true)
#3 C:/Users/kauag/Desktop/Pastas/Projetos/ECommerce/Backend/vendor/laravel/framework/src/Illuminate/Database/Query/Builder.php(3091): Illuminate/Database/Query/Builder->runSelect()
#4 C:/Users/kauag/Desktop/Pastas/Projetos/ECommerce/Backend/vendor/laravel/framework/src/Illuminate/Database/Query/Builder.php(3676): Illuminate/Database/Query/Builder->{closure:Illuminate/Database/Query/Builder::get():3090}()
#5 C:/Users/kauag/Desktop/Pastas/Projetos/ECommerce/Backend/vendor/laravel/framework/src/Illuminate/Database/Query/Builder.php(3090): Illuminate/Database/Query/Builder->onceWithColumns(Array, Object(Closure))
#6 C:/Users/kauag/Desktop/Pastas/Projetos/ECommerce/Backend/vendor/laravel/framework/src/Illuminate/Database/Concerns/BuildsQueries.php(343): Illuminate/Database/Query/Builder->get(Array)
#7 C:/Users/kauag/Desktop/Pastas/Projetos/ECommerce/Backend/app/Services/DashboardService.php(48): Illuminate/Database/Query/Builder->first()
#8 C:/Users/kauag/Desktop/Pastas/Projetos/ECommerce/Backend/app/Services/DashboardService.php(26): App/Services/DashboardService->resumoPeriodo(Object(Illuminate/Support/Carbon), Object(Illuminate/Support/Carbon))
#9 C:/Users/kauag/Desktop/Pastas/Projetos/ECommerce/Backend/app/Http/Controllers/Api/DashboardController.php(23): App/Services/DashboardService->resumoGeral()
#10 C:/Users/kauag/Desktop/Pastas/Projetos/ECommerce/Backend/vendor/laravel/framework/src/Illuminate/Routing/ControllerDispatcher.php(47): App/Http/Controllers/Api/DashboardController->index()
#11 C:/Users/kauag/Desktop/Pastas/Projetos/ECommerce/Backend/vendor/laravel/framework/src/Illuminate/Routing/Route.php(266): Illuminate/Routing/ControllerDispatcher->dispatch(Object(Illuminate/Routing/Route), Object(App/Http/Controllers/Api/DashboardController), 'index')
#12 C:/Users/kauag/Desktop/Pastas/Projetos/ECommerce/Backend/vendor/laravel/framework/src/Illuminate/Routing/Route.php(212): Illuminate/Routing/Route->runController()
#13 C:/Users/kauag/Desktop/Pastas/Projetos/ECommerce/Backend/vendor/laravel/framework/src/Illuminate/Routing/Router.php(808): Illuminate/Routing/Route->run()
#14 C:/Users/kauag/Desktop/Pastas/Projetos/ECommerce/Backend/vendor/laravel/framework/src/Illuminate/Pipeline/Pipeline.php(170): Illuminate/Routing/Router->{closure:Illuminate/Routing/Router::runRouteWithinStack():807}(Object(Illuminate/Http/Request))
#15 C:/Users/kauag/Desktop/Pastas/Projetos/ECommerce/Backend/app/Http/Middleware/AdminApenas.php(23): Illuminate/Pipeline/Pipeline->{closure:Illuminate/Pipeline/Pipeline::prepareDestination():168}(Object(Illuminate/Http/Request))
#16 C:/Users/kauag/Desktop/Pastas/Projetos/ECommerce/Backend/vendor/laravel/framework/src/Illuminate/Pipeline/Pipeline.php(209): App/Http/Middleware/AdminApenas->handle(Object(Illuminate/Http/Request), Object(Closure))
#17 C:/Users/kauag/Desktop/Pastas/Projetos/ECommerce/Backend/vendor/laravel/framework/src/Illuminate/Routing/Middleware/SubstituteBindings.php(51): Illuminate/Pipeline/Pipeline->{closure:{closure:Illuminate/Pipeline/Pipeline::carry():184}:185}(Object(Illuminate/Http/Request))
#18 C:/Users/kauag/Desktop/Pastas/Projetos/ECommerce/Backend/vendor/laravel/framework/src/Illuminate/Pipeline/Pipeline.php(209): Illuminate/Routing/Middleware/SubstituteBindings->handle(Object(Illuminate/Http/Request), Object(Closure))
#19 C:/Users/kauag/Desktop/Pastas/Projetos/ECommerce/Backend/vendor/laravel/framework/src/Illuminate/Auth/Middleware/Authenticate.php(64): Illuminate/Pipeline/Pipeline->{closure:{closure:Illuminate/Pipeline/Pipeline::carry():184}:185}(Object(Illuminate/Http/Request))
#20 C:/Users/kauag/Desktop/Pastas/Projetos/ECommerce/Backend/vendor/laravel/framework/src/Illuminate/Pipeline/Pipeline.php(209): Illuminate/Auth/Middleware/Authenticate->handle(Object(Illuminate/Http/Request), Object(Closure), 'sanctum')
#21 C:/Users/kauag/Desktop/Pastas/Projetos/ECommerce/Backend/vendor/laravel/framework/src/Illuminate/Pipeline/Pipeline.php(127): Illuminate/Pipeline/Pipeline->{closure:{closure:Illuminate/Pipeline/Pipeline::carry():184}:185}(Object(Illuminate/Http/Request))
#22 C:/Users/kauag/Desktop/Pastas/Projetos/ECommerce/Backend/vendor/laravel/framework/src/Illuminate/Routing/Router.php(807): Illuminate/Pipeline/Pipeline->then(Object(Closure))
#23 C:/Users/kauag/Desktop/Pastas/Projetos/ECommerce/Backend/vendor/laravel/framework/src/Illuminate/Routing/Router.php(786): Illuminate/Routing/Router->runRouteWithinStack(Object(Illuminate/Routing/Route), Object(Illuminate/Http/Request))
#24 C:/Users/kauag/Desktop/Pastas/Projetos/ECommerce/Backend/vendor/laravel/framework/src/Illuminate/Routing/Router.php(750): Illuminate/Routing/Router->runRoute(Object(Illuminate/Http/Request), Object(Illuminate/Routing/Route))
#25 C:/Users/kauag/Desktop/Pastas/Projetos/ECommerce/Backend/vendor/laravel/framework/src/Illuminate/Routing/Router.php(739): Illuminate/Routing/Router->dispatchToRoute(Object(Illuminate/Http/Request))
#26 C:/Users/kauag/Desktop/Pastas/Projetos/ECommerce/Backend/vendor/laravel/framework/src/Illuminate/Foundation/Http/Kernel.php(201): Illuminate/Routing/Router->dispatch(Object(Illuminate/Http/Request))
#27 C:/Users/kauag/Desktop/Pastas/Projetos/ECommerce/Backend/vendor/laravel/framework/src/Illuminate/Pipeline/Pipeline.php(170): Illuminate/Foundation/Http/Kernel->{closure:Illuminate/Foundation/Http/Kernel::dispatchToRouter():198}(Object(Illuminate/Http/Request))
#28 C:/Users/kauag/Desktop/Pastas/Projetos/ECommerce/Backend/vendor/laravel/framework/src/Illuminate/Foundation/Http/Middleware/TransformsRequest.php(21): Illuminate/Pipeline/Pipeline->{closure:Illuminate/Pipeline/Pipeline::prepareDestination():168}(Object(Illuminate/Http/Request))
#29 C:/Users/kauag/Desktop/Pastas/Projetos/ECommerce/Backend/vendor/laravel/framework/src/Illuminate/Foundation/Http/Middleware/ConvertEmptyStringsToNull.php(31): Illuminate/Foundation/Http/Middleware/TransformsRequest->handle(Object(Illuminate/Http/Request), Object(Closure))
#30 C:/Users/kauag/Desktop/Pastas/Projetos/ECommerce/Backend/vendor/laravel/framework/src/Illuminate/Pipeline/Pipeline.php(209): Illuminate/Foundation/Http/Middleware/ConvertEmptyStringsToNull->handle(Object(Illuminate/Http/Request), Object(Closure))
#31 C:/Users/kauag/Desktop/Pastas/Projetos/ECommerce/Backend/vendor/laravel/framework/src/Illuminate/Foundation/Http/Middleware/TransformsRequest.php(21): Illuminate/Pipeline/Pipeline->{closure:{closure:Illuminate/Pipeline/Pipeline::carry():184}:185}(Object(Illuminate/Http/Request))
#32 C:/Users/kauag/Desktop/Pastas/Projetos/ECommerce/Backend/vendor/laravel/framework/src/Illuminate/Foundation/Http/Middleware/TrimStrings.php(51): Illuminate/Foundation/Http/Middleware/TransformsRequest->handle(Object(Illuminate/Http/Request), Object(Closure))
#33 C:/Users/kauag/Desktop/Pastas/Projetos/ECommerce/Backend/vendor/laravel/framework/src/Illuminate/Pipeline/Pipeline.php(209): Illuminate/Foundation/Http/Middleware/TrimStrings->handle(Object(Illuminate/Http/Request), Object(Closure))
#34 C:/Users/kauag/Desktop/Pastas/Projetos/ECommerce/Backend/vendor/laravel/framework/src/Illuminate/Http/Middleware/ValidatePostSize.php(27): Illuminate/Pipeline/Pipeline->{closure:{closure:Illuminate/Pipeline/Pipeline::carry():184}:185}(Object(Illuminate/Http/Request))
#35 C:/Users/kauag/Desktop/Pastas/Projetos/ECommerce/Backend/vendor/laravel/framework/src/Illuminate/Pipeline/Pipeline.php(209): Illuminate/Http/Middleware/ValidatePostSize->handle(Object(Illuminate/Http/Request), Object(Closure))
#36 C:/Users/kauag/Desktop/Pastas/Projetos/ECommerce/Backend/vendor/laravel/framework/src/Illuminate/Foundation/Http/Middleware/PreventRequestsDuringMaintenance.php(110): Illuminate/Pipeline/Pipeline->{closure:{closure:Illuminate/Pipeline/Pipeline::carry():184}:185}(Object(Illuminate/Http/Request))
#37 C:/Users/kauag/Desktop/Pastas/Projetos/ECommerce/Backend/vendor/laravel/framework/src/Illuminate/Pipeline/Pipeline.php(209): Illuminate/Foundation/Http/Middleware/PreventRequestsDuringMaintenance->handle(Object(Illuminate/Http/Request), Object(Closure))
#38 C:/Users/kauag/Desktop/Pastas/Projetos/ECommerce/Backend/vendor/laravel/framework/src/Illuminate/Http/Middleware/HandleCors.php(62): Illuminate/Pipeline/Pipeline->{closure:{closure:Illuminate/Pipeline/Pipeline::carry():184}:185}(Object(Illuminate/Http/Request))
#39 C:/Users/kauag/Desktop/Pastas/Projetos/ECommerce/Backend/vendor/laravel/framework/src/Illuminate/Pipeline/Pipeline.php(209): Illuminate/Http/Middleware/HandleCors->handle(Object(Illuminate/Http/Request), Object(Closure))
#40 C:/Users/kauag/Desktop/Pastas/Projetos/ECommerce/Backend/vendor/laravel/framework/src/Illuminate/Http/Middleware/TrustProxies.php(58): Illuminate/Pipeline/Pipeline->{closure:{closure:Illuminate/Pipeline/Pipeline::carry():184}:185}(Object(Illuminate/Http/Request))
#41 C:/Users/kauag/Desktop/Pastas/Projetos/ECommerce/Backend/vendor/laravel/framework/src/Illuminate/Pipeline/Pipeline.php(209): Illuminate/Http/Middleware/TrustProxies->handle(Object(Illuminate/Http/Request), Object(Closure))
#42 C:/Users/kauag/Desktop/Pastas/Projetos/ECommerce/Backend/vendor/laravel/framework/src/Illuminate/Foundation/Http/Middleware/InvokeDeferredCallbacks.php(22): Illuminate/Pipeline/Pipeline->{closure:{closure:Illuminate/Pipeline/Pipeline::carry():184}:185}(Object(Illuminate/Http/Request))
#43 C:/Users/kauag/Desktop/Pastas/Projetos/ECommerce/Backend/vendor/laravel/framework/src/Illuminate/Pipeline/Pipeline.php(209): Illuminate/Foundation/Http/Middleware/InvokeDeferredCallbacks->handle(Object(Illuminate/Http/Request), Object(Closure))
#44 C:/Users/kauag/Desktop/Pastas/Projetos/ECommerce/Backend/vendor/laravel/framework/src/Illuminate/Pipeline/Pipeline.php(127): Illuminate/Pipeline/Pipeline->{closure:{closure:Illuminate/Pipeline/Pipeline::carry():184}:185}(Object(Illuminate/Http/Request))
#45 C:/Users/kauag/Desktop/Pastas/Projetos/ECommerce/Backend/vendor/laravel/framework/src/Illuminate/Foundation/Http/Kernel.php(176): Illuminate/Pipeline/Pipeline->then(Object(Closure))
#46 C:/Users/kauag/Desktop/Pastas/Projetos/ECommerce/Backend/vendor/laravel/framework/src/Illuminate/Foundation/Http/Kernel.php(145): Illuminate/Foundation/Http/Kernel->sendRequestThroughRouter(Object(Illuminate/Http/Request))
#47 C:/Users/kauag/Desktop/Pastas/Projetos/ECommerce/Backend/vendor/laravel/framework/src/Illuminate/Foundation/Application.php(1220): Illuminate/Foundation/Http/Kernel->handle(Object(Illuminate/Http/Request))
#48 C:/Users/kauag/Desktop/Pastas/Projetos/ECommerce/Backend/public/index.php(16): Illuminate/Foundation/Application->handleRequest(Object(Illuminate/Http/Request))
#49 C:/Users/kauag/Desktop/Pastas/Projetos/ECommerce/Backend/vendor/laravel/framework/src/Illuminate/Foundation/resources/server.php(23): require_once('C://Users//kauag//...')
#50 {main}

[previous exception] [object] (PDOException(code: 42S22): SQLSTATE[42S22]: Column not found: 1054 Unknown column 'pr.preco_custo' in 'field list' at C:/Users/kauag/Desktop/Pastas/Projetos/ECommerce/Backend/vendor/laravel/framework/src/Illuminate/Database/Connection.php:407)
[stacktrace]
#0 C:/Users/kauag/Desktop/Pastas/Projetos/ECommerce/Backend/vendor/laravel/framework/src/Illuminate/Database/Connection.php(407): PDO->prepare('select /n       ...')
#1 C:/Users/kauag/Desktop/Pastas/Projetos/ECommerce/Backend/vendor/laravel/framework/src/Illuminate/Database/Connection.php(812): Illuminate/Database/Connection->{closure:Illuminate/Database/Connection::select():398}('select /n       ...', Array)
#2 C:/Users/kauag/Desktop/Pastas/Projetos/ECommerce/Backend/vendor/laravel/framework/src/Illuminate/Database/Connection.php(779): Illuminate/Database/Connection->runQueryCallback('select /n       ...', Array, Object(Closure))
#3 C:/Users/kauag/Desktop/Pastas/Projetos/ECommerce/Backend/vendor/laravel/framework/src/Illuminate/Database/Connection.php(398): Illuminate/Database/Connection->run('select /n       ...', Array, Object(Closure))
#4 C:/Users/kauag/Desktop/Pastas/Projetos/ECommerce/Backend/vendor/laravel/framework/src/Illuminate/Database/Query/Builder.php(3106): Illuminate/Database/Connection->select('select /n       ...', Array, true)
#5 C:/Users/kauag/Desktop/Pastas/Projetos/ECommerce/Backend/vendor/laravel/framework/src/Illuminate/Database/Query/Builder.php(3091): Illuminate/Database/Query/Builder->runSelect()
#6 C:/Users/kauag/Desktop/Pastas/Projetos/ECommerce/Backend/vendor/laravel/framework/src/Illuminate/Database/Query/Builder.php(3676): Illuminate/Database/Query/Builder->{closure:Illuminate/Database/Query/Builder::get():3090}()
#7 C:/Users/kauag/Desktop/Pastas/Projetos/ECommerce/Backend/vendor/laravel/framework/src/Illuminate/Database/Query/Builder.php(3090): Illuminate/Database/Query/Builder->onceWithColumns(Array, Object(Closure))
#8 C:/Users/kauag/Desktop/Pastas/Projetos/ECommerce/Backend/vendor/laravel/framework/src/Illuminate/Database/Concerns/BuildsQueries.php(343): Illuminate/Database/Query/Builder->get(Array)
#9 C:/Users/kauag/Desktop/Pastas/Projetos/ECommerce/Backend/app/Services/DashboardService.php(48): Illuminate/Database/Query/Builder->first()
#10 C:/Users/kauag/Desktop/Pastas/Projetos/ECommerce/Backend/app/Services/DashboardService.php(26): App/Services/DashboardService->resumoPeriodo(Object(Illuminate/Support/Carbon), Object(Illuminate/Support/Carbon))
#11 C:/Users/kauag/Desktop/Pastas/Projetos/ECommerce/Backend/app/Http/Controllers/Api/DashboardController.php(23): App/Services/DashboardService->resumoGeral()
#12 C:/Users/kauag/Desktop/Pastas/Projetos/ECommerce/Backend/vendor/laravel/framework/src/Illuminate/Routing/ControllerDispatcher.php(47): App/Http/Controllers/Api/DashboardController->index()
#13 C:/Users/kauag/Desktop/Pastas/Projetos/ECommerce/Backend/vendor/laravel/framework/src/Illuminate/Routing/Route.php(266): Illuminate/Routing/ControllerDispatcher->dispatch(Object(Illuminate/Routing/Route), Object(App/Http/Controllers/Api/DashboardController), 'index')
#14 C:/Users/kauag/Desktop/Pastas/Projetos/ECommerce/Backend/vendor/laravel/framework/src/Illuminate/Routing/Route.php(212): Illuminate/Routing/Route->runController()
#15 C:/Users/kauag/Desktop/Pastas/Projetos/ECommerce/Backend/vendor/laravel/framework/src/Illuminate/Routing/Router.php(808): Illuminate/Routing/Route->run()
#16 C:/Users/kauag/Desktop/Pastas/Projetos/ECommerce/Backend/vendor/laravel/framework/src/Illuminate/Pipeline/Pipeline.php(170): Illuminate/Routing/Router->{closure:Illuminate/Routing/Router::runRouteWithinStack():807}(Object(Illuminate/Http/Request))
#17 C:/Users/kauag/Desktop/Pastas/Projetos/ECommerce/Backend/app/Http/Middleware/AdminApenas.php(23): Illuminate/Pipeline/Pipeline->{closure:Illuminate/Pipeline/Pipeline::prepareDestination():168}(Object(Illuminate/Http/Request))
#18 C:/Users/kauag/Desktop/Pastas/Projetos/ECommerce/Backend/vendor/laravel/framework/src/Illuminate/Pipeline/Pipeline.php(209): App/Http/Middleware/AdminApenas->handle(Object(Illuminate/Http/Request), Object(Closure))
#19 C:/Users/kauag/Desktop/Pastas/Projetos/ECommerce/Backend/vendor/laravel/framework/src/Illuminate/Routing/Middleware/SubstituteBindings.php(51): Illuminate/Pipeline/Pipeline->{closure:{closure:Illuminate/Pipeline/Pipeline::carry():184}:185}(Object(Illuminate/Http/Request))
#20 C:/Users/kauag/Desktop/Pastas/Projetos/ECommerce/Backend/vendor/laravel/framework/src/Illuminate/Pipeline/Pipeline.php(209): Illuminate/Routing/Middleware/SubstituteBindings->handle(Object(Illuminate/Http/Request), Object(Closure))
#21 C:/Users/kauag/Desktop/Pastas/Projetos/ECommerce/Backend/vendor/laravel/framework/src/Illuminate/Auth/Middleware/Authenticate.php(64): Illuminate/Pipeline/Pipeline->{closure:{closure:Illuminate/Pipeline/Pipeline::carry():184}:185}(Object(Illuminate/Http/Request))
#22 C:/Users/kauag/Desktop/Pastas/Projetos/ECommerce/Backend/vendor/laravel/framework/src/Illuminate/Pipeline/Pipeline.php(209): Illuminate/Auth/Middleware/Authenticate->handle(Object(Illuminate/Http/Request), Object(Closure), 'sanctum')
#23 C:/Users/kauag/Desktop/Pastas/Projetos/ECommerce/Backend/vendor/laravel/framework/src/Illuminate/Pipeline/Pipeline.php(127): Illuminate/Pipeline/Pipeline->{closure:{closure:Illuminate/Pipeline/Pipeline::carry():184}:185}(Object(Illuminate/Http/Request))
#24 C:/Users/kauag/Desktop/Pastas/Projetos/ECommerce/Backend/vendor/laravel/framework/src/Illuminate/Routing/Router.php(807): Illuminate/Pipeline/Pipeline->then(Object(Closure))
#25 C:/Users/kauag/Desktop/Pastas/Projetos/ECommerce/Backend/vendor/laravel/framework/src/Illuminate/Routing/Router.php(786): Illuminate/Routing/Router->runRouteWithinStack(Object(Illuminate/Routing/Route), Object(Illuminate/Http/Request))
#26 C:/Users/kauag/Desktop/Pastas/Projetos/ECommerce/Backend/vendor/laravel/framework/src/Illuminate/Routing/Router.php(750): Illuminate/Routing/Router->runRoute(Object(Illuminate/Http/Request), Object(Illuminate/Routing/Route))
#27 C:/Users/kauag/Desktop/Pastas/Projetos/ECommerce/Backend/vendor/laravel/framework/src/Illuminate/Routing/Router.php(739): Illuminate/Routing/Router->dispatchToRoute(Object(Illuminate/Http/Request))
#28 C:/Users/kauag/Desktop/Pastas/Projetos/ECommerce/Backend/vendor/laravel/framework/src/Illuminate/Foundation/Http/Kernel.php(201): Illuminate/Routing/Router->dispatch(Object(Illuminate/Http/Request))
#29 C:/Users/kauag/Desktop/Pastas/Projetos/ECommerce/Backend/vendor/laravel/framework/src/Illuminate/Pipeline/Pipeline.php(170): Illuminate/Foundation/Http/Kernel->{closure:Illuminate/Foundation/Http/Kernel::dispatchToRouter():198}(Object(Illuminate/Http/Request))
#30 C:/Users/kauag/Desktop/Pastas/Projetos/ECommerce/Backend/vendor/laravel/framework/src/Illuminate/Foundation/Http/Middleware/TransformsRequest.php(21): Illuminate/Pipeline/Pipeline->{closure:Illuminate/Pipeline/Pipeline::prepareDestination():168}(Object(Illuminate/Http/Request))
#31 C:/Users/kauag/Desktop/Pastas/Projetos/ECommerce/Backend/vendor/laravel/framework/src/Illuminate/Foundation/Http/Middleware/ConvertEmptyStringsToNull.php(31): Illuminate/Foundation/Http/Middleware/TransformsRequest->handle(Object(Illuminate/Http/Request), Object(Closure))
#32 C:/Users/kauag/Desktop/Pastas/Projetos/ECommerce/Backend/vendor/laravel/framework/src/Illuminate/Pipeline/Pipeline.php(209): Illuminate/Foundation/Http/Middleware/ConvertEmptyStringsToNull->handle(Object(Illuminate/Http/Request), Object(Closure))
#33 C:/Users/kauag/Desktop/Pastas/Projetos/ECommerce/Backend/vendor/laravel/framework/src/Illuminate/Foundation/Http/Middleware/TransformsRequest.php(21): Illuminate/Pipeline/Pipeline->{closure:{closure:Illuminate/Pipeline/Pipeline::carry():184}:185}(Object(Illuminate/Http/Request))
#34 C:/Users/kauag/Desktop/Pastas/Projetos/ECommerce/Backend/vendor/laravel/framework/src/Illuminate/Foundation/Http/Middleware/TrimStrings.php(51): Illuminate/Foundation/Http/Middleware/TransformsRequest->handle(Object(Illuminate/Http/Request), Object(Closure))
#35 C:/Users/kauag/Desktop/Pastas/Projetos/ECommerce/Backend/vendor/laravel/framework/src/Illuminate/Pipeline/Pipeline.php(209): Illuminate/Foundation/Http/Middleware/TrimStrings->handle(Object(Illuminate/Http/Request), Object(Closure))
#36 C:/Users/kauag/Desktop/Pastas/Projetos/ECommerce/Backend/vendor/laravel/framework/src/Illuminate/Http/Middleware/ValidatePostSize.php(27): Illuminate/Pipeline/Pipeline->{closure:{closure:Illuminate/Pipeline/Pipeline::carry():184}:185}(Object(Illuminate/Http/Request))
#37 C:/Users/kauag/Desktop/Pastas/Projetos/ECommerce/Backend/vendor/laravel/framework/src/Illuminate/Pipeline/Pipeline.php(209): Illuminate/Http/Middleware/ValidatePostSize->handle(Object(Illuminate/Http/Request), Object(Closure))
#38 C:/Users/kauag/Desktop/Pastas/Projetos/ECommerce/Backend/vendor/laravel/framework/src/Illuminate/Foundation/Http/Middleware/PreventRequestsDuringMaintenance.php(110): Illuminate/Pipeline/Pipeline->{closure:{closure:Illuminate/Pipeline/Pipeline::carry():184}:185}(Object(Illuminate/Http/Request))
#39 C:/Users/kauag/Desktop/Pastas/Projetos/ECommerce/Backend/vendor/laravel/framework/src/Illuminate/Pipeline/Pipeline.php(209): Illuminate/Foundation/Http/Middleware/PreventRequestsDuringMaintenance->handle(Object(Illuminate/Http/Request), Object(Closure))
#40 C:/Users/kauag/Desktop/Pastas/Projetos/ECommerce/Backend/vendor/laravel/framework/src/Illuminate/Http/Middleware/HandleCors.php(62): Illuminate/Pipeline/Pipeline->{closure:{closure:Illuminate/Pipeline/Pipeline::carry():184}:185}(Object(Illuminate/Http/Request))
#41 C:/Users/kauag/Desktop/Pastas/Projetos/ECommerce/Backend/vendor/laravel/framework/src/Illuminate/Pipeline/Pipeline.php(209): Illuminate/Http/Middleware/HandleCors->handle(Object(Illuminate/Http/Request), Object(Closure))
#42 C:/Users/kauag/Desktop/Pastas/Projetos/ECommerce/Backend/vendor/laravel/framework/src/Illuminate/Http/Middleware/TrustProxies.php(58): Illuminate/Pipeline/Pipeline->{closure:{closure:Illuminate/Pipeline/Pipeline::carry():184}:185}(Object(Illuminate/Http/Request))
#43 C:/Users/kauag/Desktop/Pastas/Projetos/ECommerce/Backend/vendor/laravel/framework/src/Illuminate/Pipeline/Pipeline.php(209): Illuminate/Http/Middleware/TrustProxies->handle(Object(Illuminate/Http/Request), Object(Closure))
#44 C:/Users/kauag/Desktop/Pastas/Projetos/ECommerce/Backend/vendor/laravel/framework/src/Illuminate/Foundation/Http/Middleware/InvokeDeferredCallbacks.php(22): Illuminate/Pipeline/Pipeline->{closure:{closure:Illuminate/Pipeline/Pipeline::carry():184}:185}(Object(Illuminate/Http/Request))
#45 C:/Users/kauag/Desktop/Pastas/Projetos/ECommerce/Backend/vendor/laravel/framework/src/Illuminate/Pipeline/Pipeline.php(209): Illuminate/Foundation/Http/Middleware/InvokeDeferredCallbacks->handle(Object(Illuminate/Http/Request), Object(Closure))
#46 C:/Users/kauag/Desktop/Pastas/Projetos/ECommerce/Backend/vendor/laravel/framework/src/Illuminate/Pipeline/Pipeline.php(127): Illuminate/Pipeline/Pipeline->{closure:{closure:Illuminate/Pipeline/Pipeline::carry():184}:185}(Object(Illuminate/Http/Request))
#47 C:/Users/kauag/Desktop/Pastas/Projetos/ECommerce/Backend/vendor/laravel/framework/src/Illuminate/Foundation/Http/Kernel.php(176): Illuminate/Pipeline/Pipeline->then(Object(Closure))
#48 C:/Users/kauag/Desktop/Pastas/Projetos/ECommerce/Backend/vendor/laravel/framework/src/Illuminate/Foundation/Http/Kernel.php(145): Illuminate/Foundation/Http/Kernel->sendRequestThroughRouter(Object(Illuminate/Http/Request))
#49 C:/Users/kauag/Desktop/Pastas/Projetos/ECommerce/Backend/vendor/laravel/framework/src/Illuminate/Foundation/Application.php(1220): Illuminate/Foundation/Http/Kernel->handle(Object(Illuminate/Http/Request))
#50 C:/Users/kauag/Desktop/Pastas/Projetos/ECommerce/Backend/public/index.php(16): Illuminate/Foundation/Application->handleRequest(Object(Illuminate/Http/Request))
#51 C:/Users/kauag/Desktop/Pastas/Projetos/ECommerce/Backend/vendor/laravel/framework/src/Illuminate/Foundation/resources/server.php(23): require_once('C://Users//kauag//...')
#52 {main}
"} 
